// Jest Snapshot v1, https://goo.gl/fbAQLP

exports[`App component renders App 1`] = `
<BrowserRouter>
  <h1>
    Avatar Characters
  </h1>
  <Switch>
    <Route
      component={[Function]}
      path="/"
    />
  </Switch>
</BrowserRouter>
`;
